[
    {
        "condition": "minecraft:alternative",
        "terms": [
            {
                "condition": "minecraft:entity_properties",
                "entity": "this",
                "predicate": {
                    "equipment": {
                        "mainhand": {
                            "items": ["minecraft:golden_sword", "minecraft:golden_axe", "minecraft:golden_pickaxe", "minecraft:golden_shovel", "minecraft:golden_hoe"]
                        }
                    }
                }
            },
            {
                "condition": "minecraft:entity_properties",
                "entity": "this",
                "predicate": {
                    "equipment": {
                        "offhand": {
                            "items": ["minecraft:golden_sword", "minecraft:golden_axe", "minecraft:golden_pickaxe", "minecraft:golden_shovel", "minecraft:golden_hoe"]
                        }
                    }
                }
            }
        ]
    }
]
